// Jest Snapshot v1, https://goo.gl/fbAQLP

exports[`Home component test should render the expected output 1`] = `
<div>
  <h2>
    Contact
  </h2>
  <p>
    Quis officiis id voluptatem
  </p>
</div>
`;
