// Jest Snapshot v1, https://goo.gl/fbAQLP

exports[`Home component test should render the expected output 1`] = `
<div
  className="display"
>
  <h1>
    CALCULATOR
  </h1>
  <h2>
    0
  </h2>
</div>
`;
